// Jest Snapshot v1, https://goo.gl/fbAQLP

exports[`CdpComments parseAndIndexCdpComments 1`] = `
{
  "commentsByCdpSymbol": Map {
    "symbol1" => [
      {
        "cleanedText": "// This is a single line comment mentioning @cdp symbol1",
        "column": 1,
        "github": {
          "commitSha": "00000000",
          "owner": "owner",
          "path": "main.js",
          "repo": "repo",
        },
        "hasAdditionalContent": true,
        "line": 1,
      },
      {
        "cleanedText": "symbol1 is mentioned in this block comment ",
        "column": 1,
        "github": {
          "commitSha": "00000000",
          "owner": "owner",
          "path": "main.js",
          "repo": "repo",
        },
        "hasAdditionalContent": true,
        "line": 3,
      },
      {
        "cleanedText": "This is a multiline comment that also mention @cdp symbol1  ",
        "column": 1,
        "github": {
          "commitSha": "00000000",
          "owner": "owner",
          "path": "main.js",
          "repo": "repo",
        },
        "hasAdditionalContent": true,
        "line": 4,
      },
      {
        "cleanedText": "const x = 10; // This is an inline @cdp symbol1 comment",
        "column": 1,
        "github": {
          "commitSha": "00000000",
          "owner": "owner",
          "path": "main.js",
          "repo": "repo",
        },
        "hasAdditionalContent": true,
        "line": 8,
      },
      {
        "cleanedText": "This is a multiline comment with two lines mentioning @cdp symbol1  ",
        "column": 1,
        "github": {
          "commitSha": "00000000",
          "owner": "owner",
          "path": "main.js",
          "repo": "repo",
        },
        "hasAdditionalContent": true,
        "line": 9,
      },
      {
        "cleanedText": "// @cdp symbol1 // @cdp symbol2",
        "column": 4,
        "github": {
          "commitSha": "00000000",
          "owner": "owner",
          "path": "main.js",
          "repo": "repo",
        },
        "hasAdditionalContent": true,
        "line": 14,
      },
    ],
    "symbol2" => [
      {
        "cleanedText": "// @cdp symbol1 // @cdp symbol2",
        "column": 4,
        "github": {
          "commitSha": "00000000",
          "owner": "owner",
          "path": "main.js",
          "repo": "repo",
        },
        "hasAdditionalContent": true,
        "line": 14,
      },
      {
        "cleanedText": "// separate comment @cdp symbol2",
        "column": 1,
        "github": {
          "commitSha": "00000000",
          "owner": "owner",
          "path": "main.js",
          "repo": "repo",
        },
        "hasAdditionalContent": true,
        "line": 17,
      },
    ],
  },
}
`;
